[]types.CompletionResponse{
	{
		DeltaText: "He",
	},
	{DeltaText: "llo"},
	{DeltaText: "!"},
	{StopReason: "end_turn"},
}
